// Jest Snapshot v1, https://goo.gl/fbAQLP

exports[`Card Component expects to render Card component 1`] = `ShallowWrapper {}`;
