// Jest Snapshot v1, https://goo.gl/fbAQLP

exports[`CounterButton Component expects to render CounterButton component 1`] = `ShallowWrapper {}`;
